Archive member included to satisfy reference by file (symbol)

/path/to/riscv/lib/gcc/riscv64-unknown-elf/10.2.0/rv32im/ilp32/libgcc.a(_udivdi3.o)
                              /tmp/cchaFtPq.o (__udivdi3)
/path/to/riscv/lib/gcc/riscv64-unknown-elf/10.2.0/rv32im/ilp32/libgcc.a(_umoddi3.o)
                              /tmp/ccnLEEaq.o (__umoddi3)
/path/to/riscv/lib/gcc/riscv64-unknown-elf/10.2.0/rv32im/ilp32/libgcc.a(adddf3.o)
                              /tmp/ccnLEEaq.o (__adddf3)
/path/to/riscv/lib/gcc/riscv64-unknown-elf/10.2.0/rv32im/ilp32/libgcc.a(divdf3.o)
                              /tmp/ccnLEEaq.o (__divdf3)
/path/to/riscv/lib/gcc/riscv64-unknown-elf/10.2.0/rv32im/ilp32/libgcc.a(eqdf2.o)
                              /tmp/ccnLEEaq.o (__nedf2)
/path/to/riscv/lib/gcc/riscv64-unknown-elf/10.2.0/rv32im/ilp32/libgcc.a(gedf2.o)
                              /tmp/ccnLEEaq.o (__gedf2)
/path/to/riscv/lib/gcc/riscv64-unknown-elf/10.2.0/rv32im/ilp32/libgcc.a(ledf2.o)
                              /tmp/ccnLEEaq.o (__ledf2)
/path/to/riscv/lib/gcc/riscv64-unknown-elf/10.2.0/rv32im/ilp32/libgcc.a(muldf3.o)
                              /tmp/ccnLEEaq.o (__muldf3)
/path/to/riscv/lib/gcc/riscv64-unknown-elf/10.2.0/rv32im/ilp32/libgcc.a(subdf3.o)
                              /tmp/ccnLEEaq.o (__subdf3)
/path/to/riscv/lib/gcc/riscv64-unknown-elf/10.2.0/rv32im/ilp32/libgcc.a(fixdfsi.o)
                              /tmp/ccnLEEaq.o (__fixdfsi)
/path/to/riscv/lib/gcc/riscv64-unknown-elf/10.2.0/rv32im/ilp32/libgcc.a(fixunsdfsi.o)
                              /tmp/ccnLEEaq.o (__fixunsdfsi)
/path/to/riscv/lib/gcc/riscv64-unknown-elf/10.2.0/rv32im/ilp32/libgcc.a(floatsidf.o)
                              /tmp/ccnLEEaq.o (__floatsidf)
/path/to/riscv/lib/gcc/riscv64-unknown-elf/10.2.0/rv32im/ilp32/libgcc.a(floatunsidf.o)
                              /tmp/ccnLEEaq.o (__floatunsidf)
/path/to/riscv/lib/gcc/riscv64-unknown-elf/10.2.0/rv32im/ilp32/libgcc.a(_clz.o)
                              /path/to/riscv/lib/gcc/riscv64-unknown-elf/10.2.0/rv32im/ilp32/libgcc.a(_udivdi3.o) (__clz_tab)
/path/to/riscv/lib/gcc/riscv64-unknown-elf/10.2.0/rv32im/ilp32/libgcc.a(_clzsi2.o)
                              /path/to/riscv/lib/gcc/riscv64-unknown-elf/10.2.0/rv32im/ilp32/libgcc.a(adddf3.o) (__clzsi2)
/path/to/riscv/lib/gcc/riscv64-unknown-elf/10.2.0/../../../../riscv64-unknown-elf/lib/rv32im/ilp32/libc_nano.a(lib_a-malloc.o)
                              /tmp/cc0FWQ9o.o (malloc)
/path/to/riscv/lib/gcc/riscv64-unknown-elf/10.2.0/../../../../riscv64-unknown-elf/lib/rv32im/ilp32/libc_nano.a(lib_a-nano-freer.o)
                              /path/to/riscv/lib/gcc/riscv64-unknown-elf/10.2.0/../../../../riscv64-unknown-elf/lib/rv32im/ilp32/libc_nano.a(lib_a-malloc.o) (_free_r)
/path/to/riscv/lib/gcc/riscv64-unknown-elf/10.2.0/../../../../riscv64-unknown-elf/lib/rv32im/ilp32/libc_nano.a(lib_a-nano-mallocr.o)
                              /path/to/riscv/lib/gcc/riscv64-unknown-elf/10.2.0/../../../../riscv64-unknown-elf/lib/rv32im/ilp32/libc_nano.a(lib_a-malloc.o) (_malloc_r)
/path/to/riscv/lib/gcc/riscv64-unknown-elf/10.2.0/../../../../riscv64-unknown-elf/lib/rv32im/ilp32/libc_nano.a(lib_a-sbrkr.o)
                              /path/to/riscv/lib/gcc/riscv64-unknown-elf/10.2.0/../../../../riscv64-unknown-elf/lib/rv32im/ilp32/libc_nano.a(lib_a-nano-mallocr.o) (_sbrk_r)
/path/to/riscv/lib/gcc/riscv64-unknown-elf/10.2.0/../../../../riscv64-unknown-elf/lib/rv32im/ilp32/libc_nano.a(lib_a-impure.o)
                              /path/to/riscv/lib/gcc/riscv64-unknown-elf/10.2.0/../../../../riscv64-unknown-elf/lib/rv32im/ilp32/libc_nano.a(lib_a-malloc.o) (_impure_ptr)
/path/to/riscv/lib/gcc/riscv64-unknown-elf/10.2.0/../../../../riscv64-unknown-elf/lib/rv32im/ilp32/libc_nano.a(lib_a-mlock.o)
                              /path/to/riscv/lib/gcc/riscv64-unknown-elf/10.2.0/../../../../riscv64-unknown-elf/lib/rv32im/ilp32/libc_nano.a(lib_a-nano-freer.o) (__malloc_lock)
/path/to/riscv/lib/gcc/riscv64-unknown-elf/10.2.0/../../../../riscv64-unknown-elf/lib/rv32im/ilp32/libc_nano.a(lib_a-reent.o)
                              /path/to/riscv/lib/gcc/riscv64-unknown-elf/10.2.0/../../../../riscv64-unknown-elf/lib/rv32im/ilp32/libc_nano.a(lib_a-sbrkr.o) (errno)
/path/to/riscv/lib/gcc/riscv64-unknown-elf/10.2.0/../../../../riscv64-unknown-elf/lib/rv32im/ilp32/libnosys.a(sbrk.o)
                              /path/to/riscv/lib/gcc/riscv64-unknown-elf/10.2.0/../../../../riscv64-unknown-elf/lib/rv32im/ilp32/libc_nano.a(lib_a-sbrkr.o) (_sbrk)

Discarded input sections

 .debug_info    0x0000000000000000      0x7b2 /path/to/riscv/lib/gcc/riscv64-unknown-elf/10.2.0/rv32im/ilp32/libgcc.a(_udivdi3.o)
 .debug_abbrev  0x0000000000000000      0x19d /path/to/riscv/lib/gcc/riscv64-unknown-elf/10.2.0/rv32im/ilp32/libgcc.a(_udivdi3.o)
 .debug_loc     0x0000000000000000      0xbcd /path/to/riscv/lib/gcc/riscv64-unknown-elf/10.2.0/rv32im/ilp32/libgcc.a(_udivdi3.o)
 .debug_aranges
                0x0000000000000000       0x20 /path/to/riscv/lib/gcc/riscv64-unknown-elf/10.2.0/rv32im/ilp32/libgcc.a(_udivdi3.o)
 .debug_ranges  0x0000000000000000       0xf8 /path/to/riscv/lib/gcc/riscv64-unknown-elf/10.2.0/rv32im/ilp32/libgcc.a(_udivdi3.o)
 .debug_line    0x0000000000000000      0x74f /path/to/riscv/lib/gcc/riscv64-unknown-elf/10.2.0/rv32im/ilp32/libgcc.a(_udivdi3.o)
 .debug_str     0x0000000000000000      0x2e8 /path/to/riscv/lib/gcc/riscv64-unknown-elf/10.2.0/rv32im/ilp32/libgcc.a(_udivdi3.o)
 .debug_info    0x0000000000000000      0x80c /path/to/riscv/lib/gcc/riscv64-unknown-elf/10.2.0/rv32im/ilp32/libgcc.a(_umoddi3.o)
 .debug_abbrev  0x0000000000000000      0x1b9 /path/to/riscv/lib/gcc/riscv64-unknown-elf/10.2.0/rv32im/ilp32/libgcc.a(_umoddi3.o)
 .debug_loc     0x0000000000000000      0x930 /path/to/riscv/lib/gcc/riscv64-unknown-elf/10.2.0/rv32im/ilp32/libgcc.a(_umoddi3.o)
 .debug_aranges
                0x0000000000000000       0x20 /path/to/riscv/lib/gcc/riscv64-unknown-elf/10.2.0/rv32im/ilp32/libgcc.a(_umoddi3.o)
 .debug_ranges  0x0000000000000000       0xd8 /path/to/riscv/lib/gcc/riscv64-unknown-elf/10.2.0/rv32im/ilp32/libgcc.a(_umoddi3.o)
 .debug_line    0x0000000000000000      0x7f3 /path/to/riscv/lib/gcc/riscv64-unknown-elf/10.2.0/rv32im/ilp32/libgcc.a(_umoddi3.o)
 .debug_str     0x0000000000000000      0x2e8 /path/to/riscv/lib/gcc/riscv64-unknown-elf/10.2.0/rv32im/ilp32/libgcc.a(_umoddi3.o)
 .debug_info    0x0000000000000000      0x581 /path/to/riscv/lib/gcc/riscv64-unknown-elf/10.2.0/rv32im/ilp32/libgcc.a(adddf3.o)
 .debug_abbrev  0x0000000000000000      0x173 /path/to/riscv/lib/gcc/riscv64-unknown-elf/10.2.0/rv32im/ilp32/libgcc.a(adddf3.o)
 .debug_loc     0x0000000000000000     0x11ec /path/to/riscv/lib/gcc/riscv64-unknown-elf/10.2.0/rv32im/ilp32/libgcc.a(adddf3.o)
 .debug_aranges
                0x0000000000000000       0x20 /path/to/riscv/lib/gcc/riscv64-unknown-elf/10.2.0/rv32im/ilp32/libgcc.a(adddf3.o)
 .debug_ranges  0x0000000000000000      0x248 /path/to/riscv/lib/gcc/riscv64-unknown-elf/10.2.0/rv32im/ilp32/libgcc.a(adddf3.o)
 .debug_line    0x0000000000000000     0x1013 /path/to/riscv/lib/gcc/riscv64-unknown-elf/10.2.0/rv32im/ilp32/libgcc.a(adddf3.o)
 .debug_str     0x0000000000000000      0x343 /path/to/riscv/lib/gcc/riscv64-unknown-elf/10.2.0/rv32im/ilp32/libgcc.a(adddf3.o)
 .debug_frame   0x0000000000000000       0x44 /path/to/riscv/lib/gcc/riscv64-unknown-elf/10.2.0/rv32im/ilp32/libgcc.a(adddf3.o)
 .debug_info    0x0000000000000000      0x72a /path/to/riscv/lib/gcc/riscv64-unknown-elf/10.2.0/rv32im/ilp32/libgcc.a(divdf3.o)
 .debug_abbrev  0x0000000000000000      0x173 /path/to/riscv/lib/gcc/riscv64-unknown-elf/10.2.0/rv32im/ilp32/libgcc.a(divdf3.o)
 .debug_loc     0x0000000000000000     0x1494 /path/to/riscv/lib/gcc/riscv64-unknown-elf/10.2.0/rv32im/ilp32/libgcc.a(divdf3.o)
 .debug_aranges
                0x0000000000000000       0x20 /path/to/riscv/lib/gcc/riscv64-unknown-elf/10.2.0/rv32im/ilp32/libgcc.a(divdf3.o)
 .debug_ranges  0x0000000000000000      0x198 /path/to/riscv/lib/gcc/riscv64-unknown-elf/10.2.0/rv32im/ilp32/libgcc.a(divdf3.o)
 .debug_line    0x0000000000000000      0xf6a /path/to/riscv/lib/gcc/riscv64-unknown-elf/10.2.0/rv32im/ilp32/libgcc.a(divdf3.o)
 .debug_str     0x0000000000000000      0x405 /path/to/riscv/lib/gcc/riscv64-unknown-elf/10.2.0/rv32im/ilp32/libgcc.a(divdf3.o)
 .debug_frame   0x0000000000000000       0x58 /path/to/riscv/lib/gcc/riscv64-unknown-elf/10.2.0/rv32im/ilp32/libgcc.a(divdf3.o)
 .debug_info    0x0000000000000000      0x255 /path/to/riscv/lib/gcc/riscv64-unknown-elf/10.2.0/rv32im/ilp32/libgcc.a(eqdf2.o)
 .debug_abbrev  0x0000000000000000      0x14b /path/to/riscv/lib/gcc/riscv64-unknown-elf/10.2.0/rv32im/ilp32/libgcc.a(eqdf2.o)
 .debug_loc     0x0000000000000000       0xa4 /path/to/riscv/lib/gcc/riscv64-unknown-elf/10.2.0/rv32im/ilp32/libgcc.a(eqdf2.o)
 .debug_aranges
                0x0000000000000000       0x20 /path/to/riscv/lib/gcc/riscv64-unknown-elf/10.2.0/rv32im/ilp32/libgcc.a(eqdf2.o)
 .debug_ranges  0x0000000000000000       0x48 /path/to/riscv/lib/gcc/riscv64-unknown-elf/10.2.0/rv32im/ilp32/libgcc.a(eqdf2.o)
 .debug_line    0x0000000000000000      0x250 /path/to/riscv/lib/gcc/riscv64-unknown-elf/10.2.0/rv32im/ilp32/libgcc.a(eqdf2.o)
 .debug_str     0x0000000000000000      0x254 /path/to/riscv/lib/gcc/riscv64-unknown-elf/10.2.0/rv32im/ilp32/libgcc.a(eqdf2.o)
 .debug_frame   0x0000000000000000       0x20 /path/to/riscv/lib/gcc/riscv64-unknown-elf/10.2.0/rv32im/ilp32/libgcc.a(eqdf2.o)
 .debug_info    0x0000000000000000      0x253 /path/to/riscv/lib/gcc/riscv64-unknown-elf/10.2.0/rv32im/ilp32/libgcc.a(gedf2.o)
 .debug_abbrev  0x0000000000000000      0x15e /path/to/riscv/lib/gcc/riscv64-unknown-elf/10.2.0/rv32im/ilp32/libgcc.a(gedf2.o)
 .debug_loc     0x0000000000000000      0x135 /path/to/riscv/lib/gcc/riscv64-unknown-elf/10.2.0/rv32im/ilp32/libgcc.a(gedf2.o)
 .debug_aranges
                0x0000000000000000       0x20 /path/to/riscv/lib/gcc/riscv64-unknown-elf/10.2.0/rv32im/ilp32/libgcc.a(gedf2.o)
 .debug_ranges  0x0000000000000000       0x50 /path/to/riscv/lib/gcc/riscv64-unknown-elf/10.2.0/rv32im/ilp32/libgcc.a(gedf2.o)
 .debug_line    0x0000000000000000      0x2e5 /path/to/riscv/lib/gcc/riscv64-unknown-elf/10.2.0/rv32im/ilp32/libgcc.a(gedf2.o)
 .debug_str     0x0000000000000000      0x278 /path/to/riscv/lib/gcc/riscv64-unknown-elf/10.2.0/rv32im/ilp32/libgcc.a(gedf2.o)
 .debug_frame   0x0000000000000000       0x20 /path/to/riscv/lib/gcc/riscv64-unknown-elf/10.2.0/rv32im/ilp32/libgcc.a(gedf2.o)
 .debug_info    0x0000000000000000      0x253 /path/to/riscv/lib/gcc/riscv64-unknown-elf/10.2.0/rv32im/ilp32/libgcc.a(ledf2.o)
 .debug_abbrev  0x0000000000000000      0x15e /path/to/riscv/lib/gcc/riscv64-unknown-elf/10.2.0/rv32im/ilp32/libgcc.a(ledf2.o)
 .debug_loc     0x0000000000000000      0x135 /path/to/riscv/lib/gcc/riscv64-unknown-elf/10.2.0/rv32im/ilp32/libgcc.a(ledf2.o)
 .debug_aranges
                0x0000000000000000       0x20 /path/to/riscv/lib/gcc/riscv64-unknown-elf/10.2.0/rv32im/ilp32/libgcc.a(ledf2.o)
 .debug_ranges  0x0000000000000000       0x50 /path/to/riscv/lib/gcc/riscv64-unknown-elf/10.2.0/rv32im/ilp32/libgcc.a(ledf2.o)
 .debug_line    0x0000000000000000      0x2e5 /path/to/riscv/lib/gcc/riscv64-unknown-elf/10.2.0/rv32im/ilp32/libgcc.a(ledf2.o)
 .debug_str     0x0000000000000000      0x278 /path/to/riscv/lib/gcc/riscv64-unknown-elf/10.2.0/rv32im/ilp32/libgcc.a(ledf2.o)
 .debug_frame   0x0000000000000000       0x20 /path/to/riscv/lib/gcc/riscv64-unknown-elf/10.2.0/rv32im/ilp32/libgcc.a(ledf2.o)
 .debug_info    0x0000000000000000      0x766 /path/to/riscv/lib/gcc/riscv64-unknown-elf/10.2.0/rv32im/ilp32/libgcc.a(muldf3.o)
 .debug_abbrev  0x0000000000000000      0x185 /path/to/riscv/lib/gcc/riscv64-unknown-elf/10.2.0/rv32im/ilp32/libgcc.a(muldf3.o)
 .debug_loc     0x0000000000000000      0xd56 /path/to/riscv/lib/gcc/riscv64-unknown-elf/10.2.0/rv32im/ilp32/libgcc.a(muldf3.o)
 .debug_aranges
                0x0000000000000000       0x20 /path/to/riscv/lib/gcc/riscv64-unknown-elf/10.2.0/rv32im/ilp32/libgcc.a(muldf3.o)
 .debug_ranges  0x0000000000000000      0x1e0 /path/to/riscv/lib/gcc/riscv64-unknown-elf/10.2.0/rv32im/ilp32/libgcc.a(muldf3.o)
 .debug_line    0x0000000000000000      0xda5 /path/to/riscv/lib/gcc/riscv64-unknown-elf/10.2.0/rv32im/ilp32/libgcc.a(muldf3.o)
 .debug_str     0x0000000000000000      0x45d /path/to/riscv/lib/gcc/riscv64-unknown-elf/10.2.0/rv32im/ilp32/libgcc.a(muldf3.o)
 .debug_frame   0x0000000000000000       0x54 /path/to/riscv/lib/gcc/riscv64-unknown-elf/10.2.0/rv32im/ilp32/libgcc.a(muldf3.o)
 .debug_info    0x0000000000000000      0x581 /path/to/riscv/lib/gcc/riscv64-unknown-elf/10.2.0/rv32im/ilp32/libgcc.a(subdf3.o)
 .debug_abbrev  0x0000000000000000      0x173 /path/to/riscv/lib/gcc/riscv64-unknown-elf/10.2.0/rv32im/ilp32/libgcc.a(subdf3.o)
 .debug_loc     0x0000000000000000     0x114d /path/to/riscv/lib/gcc/riscv64-unknown-elf/10.2.0/rv32im/ilp32/libgcc.a(subdf3.o)
 .debug_aranges
                0x0000000000000000       0x20 /path/to/riscv/lib/gcc/riscv64-unknown-elf/10.2.0/rv32im/ilp32/libgcc.a(subdf3.o)
 .debug_ranges  0x0000000000000000      0x250 /path/to/riscv/lib/gcc/riscv64-unknown-elf/10.2.0/rv32im/ilp32/libgcc.a(subdf3.o)
 .debug_line    0x0000000000000000     0x1078 /path/to/riscv/lib/gcc/riscv64-unknown-elf/10.2.0/rv32im/ilp32/libgcc.a(subdf3.o)
 .debug_str     0x0000000000000000      0x343 /path/to/riscv/lib/gcc/riscv64-unknown-elf/10.2.0/rv32im/ilp32/libgcc.a(subdf3.o)
 .debug_frame   0x0000000000000000       0x44 /path/to/riscv/lib/gcc/riscv64-unknown-elf/10.2.0/rv32im/ilp32/libgcc.a(subdf3.o)
 .debug_info    0x0000000000000000      0x1e7 /path/to/riscv/lib/gcc/riscv64-unknown-elf/10.2.0/rv32im/ilp32/libgcc.a(fixdfsi.o)
 .debug_abbrev  0x0000000000000000      0x15e /path/to/riscv/lib/gcc/riscv64-unknown-elf/10.2.0/rv32im/ilp32/libgcc.a(fixdfsi.o)
 .debug_loc     0x0000000000000000      0x181 /path/to/riscv/lib/gcc/riscv64-unknown-elf/10.2.0/rv32im/ilp32/libgcc.a(fixdfsi.o)
 .debug_aranges
                0x0000000000000000       0x20 /path/to/riscv/lib/gcc/riscv64-unknown-elf/10.2.0/rv32im/ilp32/libgcc.a(fixdfsi.o)
 .debug_ranges  0x0000000000000000       0x18 /path/to/riscv/lib/gcc/riscv64-unknown-elf/10.2.0/rv32im/ilp32/libgcc.a(fixdfsi.o)
 .debug_line    0x0000000000000000      0x214 /path/to/riscv/lib/gcc/riscv64-unknown-elf/10.2.0/rv32im/ilp32/libgcc.a(fixdfsi.o)
 .debug_str     0x0000000000000000      0x251 /path/to/riscv/lib/gcc/riscv64-unknown-elf/10.2.0/rv32im/ilp32/libgcc.a(fixdfsi.o)
 .debug_frame   0x0000000000000000       0x20 /path/to/riscv/lib/gcc/riscv64-unknown-elf/10.2.0/rv32im/ilp32/libgcc.a(fixdfsi.o)
 .debug_info    0x0000000000000000      0x1d5 /path/to/riscv/lib/gcc/riscv64-unknown-elf/10.2.0/rv32im/ilp32/libgcc.a(fixunsdfsi.o)
 .debug_abbrev  0x0000000000000000      0x15e /path/to/riscv/lib/gcc/riscv64-unknown-elf/10.2.0/rv32im/ilp32/libgcc.a(fixunsdfsi.o)
 .debug_loc     0x0000000000000000       0xe7 /path/to/riscv/lib/gcc/riscv64-unknown-elf/10.2.0/rv32im/ilp32/libgcc.a(fixunsdfsi.o)
 .debug_aranges
                0x0000000000000000       0x20 /path/to/riscv/lib/gcc/riscv64-unknown-elf/10.2.0/rv32im/ilp32/libgcc.a(fixunsdfsi.o)
 .debug_ranges  0x0000000000000000       0x20 /path/to/riscv/lib/gcc/riscv64-unknown-elf/10.2.0/rv32im/ilp32/libgcc.a(fixunsdfsi.o)
 .debug_line    0x0000000000000000      0x1a5 /path/to/riscv/lib/gcc/riscv64-unknown-elf/10.2.0/rv32im/ilp32/libgcc.a(fixunsdfsi.o)
 .debug_str     0x0000000000000000      0x250 /path/to/riscv/lib/gcc/riscv64-unknown-elf/10.2.0/rv32im/ilp32/libgcc.a(fixunsdfsi.o)
 .debug_frame   0x0000000000000000       0x20 /path/to/riscv/lib/gcc/riscv64-unknown-elf/10.2.0/rv32im/ilp32/libgcc.a(fixunsdfsi.o)
 .debug_info    0x0000000000000000      0x29b /path/to/riscv/lib/gcc/riscv64-unknown-elf/10.2.0/rv32im/ilp32/libgcc.a(floatsidf.o)
 .debug_abbrev  0x0000000000000000      0x164 /path/to/riscv/lib/gcc/riscv64-unknown-elf/10.2.0/rv32im/ilp32/libgcc.a(floatsidf.o)
 .debug_loc     0x0000000000000000      0x159 /path/to/riscv/lib/gcc/riscv64-unknown-elf/10.2.0/rv32im/ilp32/libgcc.a(floatsidf.o)
 .debug_aranges
                0x0000000000000000       0x20 /path/to/riscv/lib/gcc/riscv64-unknown-elf/10.2.0/rv32im/ilp32/libgcc.a(floatsidf.o)
 .debug_ranges  0x0000000000000000       0x68 /path/to/riscv/lib/gcc/riscv64-unknown-elf/10.2.0/rv32im/ilp32/libgcc.a(floatsidf.o)
 .debug_line    0x0000000000000000      0x24e /path/to/riscv/lib/gcc/riscv64-unknown-elf/10.2.0/rv32im/ilp32/libgcc.a(floatsidf.o)
 .debug_str     0x0000000000000000      0x2f0 /path/to/riscv/lib/gcc/riscv64-unknown-elf/10.2.0/rv32im/ilp32/libgcc.a(floatsidf.o)
 .debug_frame   0x0000000000000000       0x38 /path/to/riscv/lib/gcc/riscv64-unknown-elf/10.2.0/rv32im/ilp32/libgcc.a(floatsidf.o)
 .debug_info    0x0000000000000000      0x28e /path/to/riscv/lib/gcc/riscv64-unknown-elf/10.2.0/rv32im/ilp32/libgcc.a(floatunsidf.o)
 .debug_abbrev  0x0000000000000000      0x164 /path/to/riscv/lib/gcc/riscv64-unknown-elf/10.2.0/rv32im/ilp32/libgcc.a(floatunsidf.o)
 .debug_loc     0x0000000000000000      0x14f /path/to/riscv/lib/gcc/riscv64-unknown-elf/10.2.0/rv32im/ilp32/libgcc.a(floatunsidf.o)
 .debug_aranges
                0x0000000000000000       0x20 /path/to/riscv/lib/gcc/riscv64-unknown-elf/10.2.0/rv32im/ilp32/libgcc.a(floatunsidf.o)
 .debug_ranges  0x0000000000000000       0x70 /path/to/riscv/lib/gcc/riscv64-unknown-elf/10.2.0/rv32im/ilp32/libgcc.a(floatunsidf.o)
 .debug_line    0x0000000000000000      0x26e /path/to/riscv/lib/gcc/riscv64-unknown-elf/10.2.0/rv32im/ilp32/libgcc.a(floatunsidf.o)
 .debug_str     0x0000000000000000      0x2ed /path/to/riscv/lib/gcc/riscv64-unknown-elf/10.2.0/rv32im/ilp32/libgcc.a(floatunsidf.o)
 .debug_frame   0x0000000000000000       0x34 /path/to/riscv/lib/gcc/riscv64-unknown-elf/10.2.0/rv32im/ilp32/libgcc.a(floatunsidf.o)
 .debug_info    0x0000000000000000       0xd7 /path/to/riscv/lib/gcc/riscv64-unknown-elf/10.2.0/rv32im/ilp32/libgcc.a(_clz.o)
 .debug_abbrev  0x0000000000000000       0x70 /path/to/riscv/lib/gcc/riscv64-unknown-elf/10.2.0/rv32im/ilp32/libgcc.a(_clz.o)
 .debug_aranges
                0x0000000000000000       0x18 /path/to/riscv/lib/gcc/riscv64-unknown-elf/10.2.0/rv32im/ilp32/libgcc.a(_clz.o)
 .debug_line    0x0000000000000000       0x59 /path/to/riscv/lib/gcc/riscv64-unknown-elf/10.2.0/rv32im/ilp32/libgcc.a(_clz.o)
 .debug_str     0x0000000000000000      0x22f /path/to/riscv/lib/gcc/riscv64-unknown-elf/10.2.0/rv32im/ilp32/libgcc.a(_clz.o)
 .debug_info    0x0000000000000000      0x144 /path/to/riscv/lib/gcc/riscv64-unknown-elf/10.2.0/rv32im/ilp32/libgcc.a(_clzsi2.o)
 .debug_abbrev  0x0000000000000000       0xca /path/to/riscv/lib/gcc/riscv64-unknown-elf/10.2.0/rv32im/ilp32/libgcc.a(_clzsi2.o)
 .debug_loc     0x0000000000000000       0x6b /path/to/riscv/lib/gcc/riscv64-unknown-elf/10.2.0/rv32im/ilp32/libgcc.a(_clzsi2.o)
 .debug_aranges
                0x0000000000000000       0x20 /path/to/riscv/lib/gcc/riscv64-unknown-elf/10.2.0/rv32im/ilp32/libgcc.a(_clzsi2.o)
 .debug_ranges  0x0000000000000000       0x20 /path/to/riscv/lib/gcc/riscv64-unknown-elf/10.2.0/rv32im/ilp32/libgcc.a(_clzsi2.o)
 .debug_line    0x0000000000000000       0xe5 /path/to/riscv/lib/gcc/riscv64-unknown-elf/10.2.0/rv32im/ilp32/libgcc.a(_clzsi2.o)
 .debug_str     0x0000000000000000      0x24c /path/to/riscv/lib/gcc/riscv64-unknown-elf/10.2.0/rv32im/ilp32/libgcc.a(_clzsi2.o)
 .debug_frame   0x0000000000000000       0x20 /path/to/riscv/lib/gcc/riscv64-unknown-elf/10.2.0/rv32im/ilp32/libgcc.a(_clzsi2.o)

Memory Configuration

Name             Origin             Length             Attributes
*default*        0x0000000000000000 0xffffffffffffffff

Linker script and memory map


.memory         0x0000000000000000     0x4bcc
                0x0000000000000000                . = 0x0
 *(.init)
 .init          0x0000000000000000       0x18 /tmp/ccehv21m.o
 *(.text)
 .text          0x0000000000000018      0x170 /tmp/cc0FWQ9o.o
                0x0000000000000018                uart_puts
                0x0000000000000034                uart_init
                0x0000000000000058                uart_finish
                0x0000000000000066                uart_sendstr
                0x0000000000000084                uart_recvfile
                0x0000000000000110                uart_sendfile
 .text          0x0000000000000188       0xc8 /tmp/cc52lWGm.o
                0x0000000000000188                uart_setbaseaddr
                0x0000000000000190                uart_softrst
                0x000000000000019a                uart_setdiv
                0x00000000000001a4                uart_txen
                0x00000000000001ae                uart_txwait
                0x00000000000001bc                uart_istxready
                0x00000000000001c6                uart_putc
                0x00000000000001e2                uart_putint
                0x00000000000001fe                uart_rxen
                0x0000000000000208                uart_rxwait
                0x0000000000000216                uart_isrxready
                0x0000000000000220                uart_getc
                0x000000000000023a                uart_getint
 .text          0x0000000000000250       0xa2 /tmp/cchaFtPq.o
                0x0000000000000250                timer_soft_rst
                0x0000000000000260                timer_enable
                0x000000000000026c                timer_wrap
                0x000000000000027e                timer_disable
                0x000000000000028a                timer_init
                0x000000000000029e                timer_get_count
                0x00000000000002c2                timer_time_sec
                0x00000000000002dc                timer_time_usec
 .text          0x00000000000002f2        0x0 /tmp/ccehv21m.o
 .text          0x00000000000002f2        0x0 /tmp/cc7124Ao.o
 .text          0x00000000000002f2     0x1182 /tmp/ccnLEEaq.o
                0x00000000000013ae                printf_
                0x00000000000013d8                sprintf_
                0x00000000000013fe                snprintf_
                0x0000000000001422                vprintf_
                0x000000000000143c                vsnprintf_
                0x000000000000144a                fctprintf
 .text          0x0000000000001474      0x434 /path/to/riscv/lib/gcc/riscv64-unknown-elf/10.2.0/rv32im/ilp32/libgcc.a(_udivdi3.o)
                0x0000000000001474                __udivdi3
 .text          0x00000000000018a8      0x404 /path/to/riscv/lib/gcc/riscv64-unknown-elf/10.2.0/rv32im/ilp32/libgcc.a(_umoddi3.o)
                0x00000000000018a8                __umoddi3
 .text          0x0000000000001cac      0x7d8 /path/to/riscv/lib/gcc/riscv64-unknown-elf/10.2.0/rv32im/ilp32/libgcc.a(adddf3.o)
                0x0000000000001cac                __adddf3
 .text          0x0000000000002484      0x6e0 /path/to/riscv/lib/gcc/riscv64-unknown-elf/10.2.0/rv32im/ilp32/libgcc.a(divdf3.o)
                0x0000000000002484                __divdf3
 .text          0x0000000000002b64       0x8c /path/to/riscv/lib/gcc/riscv64-unknown-elf/10.2.0/rv32im/ilp32/libgcc.a(eqdf2.o)
                0x0000000000002b64                __eqdf2
                0x0000000000002b64                __nedf2
 .text          0x0000000000002bf0       0xe4 /path/to/riscv/lib/gcc/riscv64-unknown-elf/10.2.0/rv32im/ilp32/libgcc.a(gedf2.o)
                0x0000000000002bf0                __gtdf2
                0x0000000000002bf0                __gedf2
 .text          0x0000000000002cd4       0xe4 /path/to/riscv/lib/gcc/riscv64-unknown-elf/10.2.0/rv32im/ilp32/libgcc.a(ledf2.o)
                0x0000000000002cd4                __ltdf2
                0x0000000000002cd4                __ledf2
 .text          0x0000000000002db8      0x5c8 /path/to/riscv/lib/gcc/riscv64-unknown-elf/10.2.0/rv32im/ilp32/libgcc.a(muldf3.o)
                0x0000000000002db8                __muldf3
 .text          0x0000000000003380      0x7ec /path/to/riscv/lib/gcc/riscv64-unknown-elf/10.2.0/rv32im/ilp32/libgcc.a(subdf3.o)
                0x0000000000003380                __subdf3
 .text          0x0000000000003b6c       0x80 /path/to/riscv/lib/gcc/riscv64-unknown-elf/10.2.0/rv32im/ilp32/libgcc.a(fixdfsi.o)
                0x0000000000003b6c                __fixdfsi
 .text          0x0000000000003bec       0x7c /path/to/riscv/lib/gcc/riscv64-unknown-elf/10.2.0/rv32im/ilp32/libgcc.a(fixunsdfsi.o)
                0x0000000000003bec                __fixunsdfsi
 .text          0x0000000000003c68       0xa8 /path/to/riscv/lib/gcc/riscv64-unknown-elf/10.2.0/rv32im/ilp32/libgcc.a(floatsidf.o)
                0x0000000000003c68                __floatsidf
 .text          0x0000000000003d10       0x80 /path/to/riscv/lib/gcc/riscv64-unknown-elf/10.2.0/rv32im/ilp32/libgcc.a(floatunsidf.o)
                0x0000000000003d10                __floatunsidf
 .text          0x0000000000003d90        0x0 /path/to/riscv/lib/gcc/riscv64-unknown-elf/10.2.0/rv32im/ilp32/libgcc.a(_clz.o)
 .text          0x0000000000003d90       0x4c /path/to/riscv/lib/gcc/riscv64-unknown-elf/10.2.0/rv32im/ilp32/libgcc.a(_clzsi2.o)
                0x0000000000003d90                __clzsi2
 .text          0x0000000000003ddc        0x0 /path/to/riscv/lib/gcc/riscv64-unknown-elf/10.2.0/../../../../riscv64-unknown-elf/lib/rv32im/ilp32/libc_nano.a(lib_a-malloc.o)
 .text          0x0000000000003ddc        0x0 /path/to/riscv/lib/gcc/riscv64-unknown-elf/10.2.0/../../../../riscv64-unknown-elf/lib/rv32im/ilp32/libc_nano.a(lib_a-nano-freer.o)
 .text          0x0000000000003ddc        0x0 /path/to/riscv/lib/gcc/riscv64-unknown-elf/10.2.0/../../../../riscv64-unknown-elf/lib/rv32im/ilp32/libc_nano.a(lib_a-nano-mallocr.o)
 .text          0x0000000000003ddc        0x0 /path/to/riscv/lib/gcc/riscv64-unknown-elf/10.2.0/../../../../riscv64-unknown-elf/lib/rv32im/ilp32/libc_nano.a(lib_a-sbrkr.o)
 .text          0x0000000000003ddc        0x0 /path/to/riscv/lib/gcc/riscv64-unknown-elf/10.2.0/../../../../riscv64-unknown-elf/lib/rv32im/ilp32/libc_nano.a(lib_a-impure.o)
 .text          0x0000000000003ddc        0x0 /path/to/riscv/lib/gcc/riscv64-unknown-elf/10.2.0/../../../../riscv64-unknown-elf/lib/rv32im/ilp32/libc_nano.a(lib_a-mlock.o)
 .text          0x0000000000003ddc        0x0 /path/to/riscv/lib/gcc/riscv64-unknown-elf/10.2.0/../../../../riscv64-unknown-elf/lib/rv32im/ilp32/libc_nano.a(lib_a-reent.o)
 .text          0x0000000000003ddc       0x34 /path/to/riscv/lib/gcc/riscv64-unknown-elf/10.2.0/../../../../riscv64-unknown-elf/lib/rv32im/ilp32/libnosys.a(sbrk.o)
                0x0000000000003ddc                _sbrk
 *(*)
 .data          0x0000000000003e10        0x0 /tmp/cc0FWQ9o.o
 .bss           0x0000000000003e10        0x0 /tmp/cc0FWQ9o.o
 .rodata.str1.4
                0x0000000000003e10       0x69 /tmp/cc0FWQ9o.o
 .comment       0x0000000000003e79       0x12 /tmp/cc0FWQ9o.o
                                         0x13 (size before relaxing)
 .riscv.attributes
                0x0000000000003e8b       0x26 /tmp/cc0FWQ9o.o
 .rela.data.impure_data
                0x0000000000003eb1        0x0 /tmp/cc0FWQ9o.o
 .rela.text     0x0000000000003eb1        0x0 /tmp/cc0FWQ9o.o
 .data          0x0000000000003eb1        0x0 /tmp/cc52lWGm.o
 .bss           0x0000000000003eb1        0x0 /tmp/cc52lWGm.o
 *fill*         0x0000000000003eb1        0x3 
 .sbss          0x0000000000003eb4        0x4 /tmp/cc52lWGm.o
 .comment       0x0000000000003eb8       0x13 /tmp/cc52lWGm.o
 .riscv.attributes
                0x0000000000003eb8       0x26 /tmp/cc52lWGm.o
 .data          0x0000000000003ede        0x0 /tmp/cchaFtPq.o
 .bss           0x0000000000003ede        0x0 /tmp/cchaFtPq.o
 *fill*         0x0000000000003ede        0x2 
 .sbss          0x0000000000003ee0       0x14 /tmp/cchaFtPq.o
                0x0000000000003ee0                timer_half
                0x0000000000003ee8                timer_count
 .comment       0x0000000000003ef4       0x13 /tmp/cchaFtPq.o
 .riscv.attributes
                0x0000000000003ef4       0x26 /tmp/cchaFtPq.o
 .data          0x0000000000003f1a        0x0 /tmp/ccehv21m.o
 .bss           0x0000000000003f1a        0x0 /tmp/ccehv21m.o
 .riscv.attributes
                0x0000000000003f1a       0x24 /tmp/ccehv21m.o
 .data          0x0000000000003f3e        0x0 /tmp/cc7124Ao.o
 .bss           0x0000000000003f3e        0x0 /tmp/cc7124Ao.o
 *fill*         0x0000000000003f3e        0x2 
 .rodata.str1.4
                0x0000000000003f40       0x75 /tmp/cc7124Ao.o
 *fill*         0x0000000000003fb5        0x1 
 .text.startup  0x0000000000003fb6       0x6c /tmp/cc7124Ao.o
                0x0000000000003fb6                main
 .comment       0x0000000000004022       0x13 /tmp/cc7124Ao.o
 .riscv.attributes
                0x0000000000004022       0x26 /tmp/cc7124Ao.o
 .data          0x0000000000004048        0x0 /tmp/ccnLEEaq.o
 .bss           0x0000000000004048        0x0 /tmp/ccnLEEaq.o
 *fill*         0x0000000000004048        0x0 
 .rodata.str1.4
                0x0000000000004048       0x15 /tmp/ccnLEEaq.o
 *fill*         0x000000000000405d        0x3 
 .rodata        0x0000000000004060       0xd8 /tmp/ccnLEEaq.o
 .srodata.cst8  0x0000000000004138       0x98 /tmp/ccnLEEaq.o
 .comment       0x00000000000041d0       0x13 /tmp/ccnLEEaq.o
 .riscv.attributes
                0x00000000000041d0       0x26 /tmp/ccnLEEaq.o
 .data          0x00000000000041f6        0x0 /path/to/riscv/lib/gcc/riscv64-unknown-elf/10.2.0/rv32im/ilp32/libgcc.a(_udivdi3.o)
 .bss           0x00000000000041f6        0x0 /path/to/riscv/lib/gcc/riscv64-unknown-elf/10.2.0/rv32im/ilp32/libgcc.a(_udivdi3.o)
 .comment       0x00000000000041f6       0x13 /path/to/riscv/lib/gcc/riscv64-unknown-elf/10.2.0/rv32im/ilp32/libgcc.a(_udivdi3.o)
 *fill*         0x00000000000041f6        0x2 
 .eh_frame      0x00000000000041f8       0x28 /path/to/riscv/lib/gcc/riscv64-unknown-elf/10.2.0/rv32im/ilp32/libgcc.a(_udivdi3.o)
 .riscv.attributes
                0x0000000000004220       0x21 /path/to/riscv/lib/gcc/riscv64-unknown-elf/10.2.0/rv32im/ilp32/libgcc.a(_udivdi3.o)
 .data          0x0000000000004241        0x0 /path/to/riscv/lib/gcc/riscv64-unknown-elf/10.2.0/rv32im/ilp32/libgcc.a(_umoddi3.o)
 .bss           0x0000000000004241        0x0 /path/to/riscv/lib/gcc/riscv64-unknown-elf/10.2.0/rv32im/ilp32/libgcc.a(_umoddi3.o)
 .comment       0x0000000000004241       0x13 /path/to/riscv/lib/gcc/riscv64-unknown-elf/10.2.0/rv32im/ilp32/libgcc.a(_umoddi3.o)
 *fill*         0x0000000000004241        0x3 
 .eh_frame      0x0000000000004244       0x28 /path/to/riscv/lib/gcc/riscv64-unknown-elf/10.2.0/rv32im/ilp32/libgcc.a(_umoddi3.o)
 .riscv.attributes
                0x000000000000426c       0x21 /path/to/riscv/lib/gcc/riscv64-unknown-elf/10.2.0/rv32im/ilp32/libgcc.a(_umoddi3.o)
 .data          0x000000000000428d        0x0 /path/to/riscv/lib/gcc/riscv64-unknown-elf/10.2.0/rv32im/ilp32/libgcc.a(adddf3.o)
 .bss           0x000000000000428d        0x0 /path/to/riscv/lib/gcc/riscv64-unknown-elf/10.2.0/rv32im/ilp32/libgcc.a(adddf3.o)
 .comment       0x000000000000428d       0x13 /path/to/riscv/lib/gcc/riscv64-unknown-elf/10.2.0/rv32im/ilp32/libgcc.a(adddf3.o)
 .riscv.attributes
                0x000000000000428d       0x21 /path/to/riscv/lib/gcc/riscv64-unknown-elf/10.2.0/rv32im/ilp32/libgcc.a(adddf3.o)
 .data          0x00000000000042ae        0x0 /path/to/riscv/lib/gcc/riscv64-unknown-elf/10.2.0/rv32im/ilp32/libgcc.a(divdf3.o)
 .bss           0x00000000000042ae        0x0 /path/to/riscv/lib/gcc/riscv64-unknown-elf/10.2.0/rv32im/ilp32/libgcc.a(divdf3.o)
 *fill*         0x00000000000042ae        0x2 
 .rodata        0x00000000000042b0       0x3c /path/to/riscv/lib/gcc/riscv64-unknown-elf/10.2.0/rv32im/ilp32/libgcc.a(divdf3.o)
 .comment       0x00000000000042ec       0x13 /path/to/riscv/lib/gcc/riscv64-unknown-elf/10.2.0/rv32im/ilp32/libgcc.a(divdf3.o)
 .riscv.attributes
                0x00000000000042ec       0x21 /path/to/riscv/lib/gcc/riscv64-unknown-elf/10.2.0/rv32im/ilp32/libgcc.a(divdf3.o)
 .data          0x000000000000430d        0x0 /path/to/riscv/lib/gcc/riscv64-unknown-elf/10.2.0/rv32im/ilp32/libgcc.a(eqdf2.o)
 .bss           0x000000000000430d        0x0 /path/to/riscv/lib/gcc/riscv64-unknown-elf/10.2.0/rv32im/ilp32/libgcc.a(eqdf2.o)
 .comment       0x000000000000430d       0x13 /path/to/riscv/lib/gcc/riscv64-unknown-elf/10.2.0/rv32im/ilp32/libgcc.a(eqdf2.o)
 .riscv.attributes
                0x000000000000430d       0x21 /path/to/riscv/lib/gcc/riscv64-unknown-elf/10.2.0/rv32im/ilp32/libgcc.a(eqdf2.o)
 .data          0x000000000000432e        0x0 /path/to/riscv/lib/gcc/riscv64-unknown-elf/10.2.0/rv32im/ilp32/libgcc.a(gedf2.o)
 .bss           0x000000000000432e        0x0 /path/to/riscv/lib/gcc/riscv64-unknown-elf/10.2.0/rv32im/ilp32/libgcc.a(gedf2.o)
 .comment       0x000000000000432e       0x13 /path/to/riscv/lib/gcc/riscv64-unknown-elf/10.2.0/rv32im/ilp32/libgcc.a(gedf2.o)
 .riscv.attributes
                0x000000000000432e       0x21 /path/to/riscv/lib/gcc/riscv64-unknown-elf/10.2.0/rv32im/ilp32/libgcc.a(gedf2.o)
 .data          0x000000000000434f        0x0 /path/to/riscv/lib/gcc/riscv64-unknown-elf/10.2.0/rv32im/ilp32/libgcc.a(ledf2.o)
 .bss           0x000000000000434f        0x0 /path/to/riscv/lib/gcc/riscv64-unknown-elf/10.2.0/rv32im/ilp32/libgcc.a(ledf2.o)
 .comment       0x000000000000434f       0x13 /path/to/riscv/lib/gcc/riscv64-unknown-elf/10.2.0/rv32im/ilp32/libgcc.a(ledf2.o)
 .riscv.attributes
                0x000000000000434f       0x21 /path/to/riscv/lib/gcc/riscv64-unknown-elf/10.2.0/rv32im/ilp32/libgcc.a(ledf2.o)
 .data          0x0000000000004370        0x0 /path/to/riscv/lib/gcc/riscv64-unknown-elf/10.2.0/rv32im/ilp32/libgcc.a(muldf3.o)
 .bss           0x0000000000004370        0x0 /path/to/riscv/lib/gcc/riscv64-unknown-elf/10.2.0/rv32im/ilp32/libgcc.a(muldf3.o)
 .rodata        0x0000000000004370       0x3c /path/to/riscv/lib/gcc/riscv64-unknown-elf/10.2.0/rv32im/ilp32/libgcc.a(muldf3.o)
 .comment       0x00000000000043ac       0x13 /path/to/riscv/lib/gcc/riscv64-unknown-elf/10.2.0/rv32im/ilp32/libgcc.a(muldf3.o)
 .riscv.attributes
                0x00000000000043ac       0x21 /path/to/riscv/lib/gcc/riscv64-unknown-elf/10.2.0/rv32im/ilp32/libgcc.a(muldf3.o)
 .data          0x00000000000043cd        0x0 /path/to/riscv/lib/gcc/riscv64-unknown-elf/10.2.0/rv32im/ilp32/libgcc.a(subdf3.o)
 .bss           0x00000000000043cd        0x0 /path/to/riscv/lib/gcc/riscv64-unknown-elf/10.2.0/rv32im/ilp32/libgcc.a(subdf3.o)
 .comment       0x00000000000043cd       0x13 /path/to/riscv/lib/gcc/riscv64-unknown-elf/10.2.0/rv32im/ilp32/libgcc.a(subdf3.o)
 .riscv.attributes
                0x00000000000043cd       0x21 /path/to/riscv/lib/gcc/riscv64-unknown-elf/10.2.0/rv32im/ilp32/libgcc.a(subdf3.o)
 .data          0x00000000000043ee        0x0 /path/to/riscv/lib/gcc/riscv64-unknown-elf/10.2.0/rv32im/ilp32/libgcc.a(fixdfsi.o)
 .bss           0x00000000000043ee        0x0 /path/to/riscv/lib/gcc/riscv64-unknown-elf/10.2.0/rv32im/ilp32/libgcc.a(fixdfsi.o)
 .comment       0x00000000000043ee       0x13 /path/to/riscv/lib/gcc/riscv64-unknown-elf/10.2.0/rv32im/ilp32/libgcc.a(fixdfsi.o)
 .riscv.attributes
                0x00000000000043ee       0x21 /path/to/riscv/lib/gcc/riscv64-unknown-elf/10.2.0/rv32im/ilp32/libgcc.a(fixdfsi.o)
 .data          0x000000000000440f        0x0 /path/to/riscv/lib/gcc/riscv64-unknown-elf/10.2.0/rv32im/ilp32/libgcc.a(fixunsdfsi.o)
 .bss           0x000000000000440f        0x0 /path/to/riscv/lib/gcc/riscv64-unknown-elf/10.2.0/rv32im/ilp32/libgcc.a(fixunsdfsi.o)
 .comment       0x000000000000440f       0x13 /path/to/riscv/lib/gcc/riscv64-unknown-elf/10.2.0/rv32im/ilp32/libgcc.a(fixunsdfsi.o)
 .riscv.attributes
                0x000000000000440f       0x21 /path/to/riscv/lib/gcc/riscv64-unknown-elf/10.2.0/rv32im/ilp32/libgcc.a(fixunsdfsi.o)
 .data          0x0000000000004430        0x0 /path/to/riscv/lib/gcc/riscv64-unknown-elf/10.2.0/rv32im/ilp32/libgcc.a(floatsidf.o)
 .bss           0x0000000000004430        0x0 /path/to/riscv/lib/gcc/riscv64-unknown-elf/10.2.0/rv32im/ilp32/libgcc.a(floatsidf.o)
 .comment       0x0000000000004430       0x13 /path/to/riscv/lib/gcc/riscv64-unknown-elf/10.2.0/rv32im/ilp32/libgcc.a(floatsidf.o)
 .riscv.attributes
                0x0000000000004430       0x21 /path/to/riscv/lib/gcc/riscv64-unknown-elf/10.2.0/rv32im/ilp32/libgcc.a(floatsidf.o)
 .data          0x0000000000004451        0x0 /path/to/riscv/lib/gcc/riscv64-unknown-elf/10.2.0/rv32im/ilp32/libgcc.a(floatunsidf.o)
 .bss           0x0000000000004451        0x0 /path/to/riscv/lib/gcc/riscv64-unknown-elf/10.2.0/rv32im/ilp32/libgcc.a(floatunsidf.o)
 .comment       0x0000000000004451       0x13 /path/to/riscv/lib/gcc/riscv64-unknown-elf/10.2.0/rv32im/ilp32/libgcc.a(floatunsidf.o)
 .riscv.attributes
                0x0000000000004451       0x21 /path/to/riscv/lib/gcc/riscv64-unknown-elf/10.2.0/rv32im/ilp32/libgcc.a(floatunsidf.o)
 .data          0x0000000000004472        0x0 /path/to/riscv/lib/gcc/riscv64-unknown-elf/10.2.0/rv32im/ilp32/libgcc.a(_clz.o)
 .bss           0x0000000000004472        0x0 /path/to/riscv/lib/gcc/riscv64-unknown-elf/10.2.0/rv32im/ilp32/libgcc.a(_clz.o)
 *fill*         0x0000000000004472        0x2 
 .rodata        0x0000000000004474      0x100 /path/to/riscv/lib/gcc/riscv64-unknown-elf/10.2.0/rv32im/ilp32/libgcc.a(_clz.o)
                0x0000000000004474                __clz_tab
 .comment       0x0000000000004574       0x13 /path/to/riscv/lib/gcc/riscv64-unknown-elf/10.2.0/rv32im/ilp32/libgcc.a(_clz.o)
 .riscv.attributes
                0x0000000000004574       0x21 /path/to/riscv/lib/gcc/riscv64-unknown-elf/10.2.0/rv32im/ilp32/libgcc.a(_clz.o)
 .data          0x0000000000004595        0x0 /path/to/riscv/lib/gcc/riscv64-unknown-elf/10.2.0/rv32im/ilp32/libgcc.a(_clzsi2.o)
 .bss           0x0000000000004595        0x0 /path/to/riscv/lib/gcc/riscv64-unknown-elf/10.2.0/rv32im/ilp32/libgcc.a(_clzsi2.o)
 .comment       0x0000000000004595       0x13 /path/to/riscv/lib/gcc/riscv64-unknown-elf/10.2.0/rv32im/ilp32/libgcc.a(_clzsi2.o)
 .riscv.attributes
                0x0000000000004595       0x21 /path/to/riscv/lib/gcc/riscv64-unknown-elf/10.2.0/rv32im/ilp32/libgcc.a(_clzsi2.o)
 .data          0x00000000000045b6        0x0 /path/to/riscv/lib/gcc/riscv64-unknown-elf/10.2.0/../../../../riscv64-unknown-elf/lib/rv32im/ilp32/libc_nano.a(lib_a-malloc.o)
 .bss           0x00000000000045b6        0x0 /path/to/riscv/lib/gcc/riscv64-unknown-elf/10.2.0/../../../../riscv64-unknown-elf/lib/rv32im/ilp32/libc_nano.a(lib_a-malloc.o)
 *fill*         0x00000000000045b6        0x2 
 .text.malloc   0x00000000000045b8       0x10 /path/to/riscv/lib/gcc/riscv64-unknown-elf/10.2.0/../../../../riscv64-unknown-elf/lib/rv32im/ilp32/libc_nano.a(lib_a-malloc.o)
                0x00000000000045b8                malloc
 .text.free     0x00000000000045c8       0x10 /path/to/riscv/lib/gcc/riscv64-unknown-elf/10.2.0/../../../../riscv64-unknown-elf/lib/rv32im/ilp32/libc_nano.a(lib_a-malloc.o)
                0x00000000000045c8                free
 .comment       0x00000000000045d8       0x13 /path/to/riscv/lib/gcc/riscv64-unknown-elf/10.2.0/../../../../riscv64-unknown-elf/lib/rv32im/ilp32/libc_nano.a(lib_a-malloc.o)
 .riscv.attributes
                0x00000000000045d8       0x21 /path/to/riscv/lib/gcc/riscv64-unknown-elf/10.2.0/../../../../riscv64-unknown-elf/lib/rv32im/ilp32/libc_nano.a(lib_a-malloc.o)
 .data          0x00000000000045f9        0x0 /path/to/riscv/lib/gcc/riscv64-unknown-elf/10.2.0/../../../../riscv64-unknown-elf/lib/rv32im/ilp32/libc_nano.a(lib_a-nano-freer.o)
 .bss           0x00000000000045f9        0x0 /path/to/riscv/lib/gcc/riscv64-unknown-elf/10.2.0/../../../../riscv64-unknown-elf/lib/rv32im/ilp32/libc_nano.a(lib_a-nano-freer.o)
 *fill*         0x00000000000045f9        0x3 
 .text._free_r  0x00000000000045fc      0x104 /path/to/riscv/lib/gcc/riscv64-unknown-elf/10.2.0/../../../../riscv64-unknown-elf/lib/rv32im/ilp32/libc_nano.a(lib_a-nano-freer.o)
                0x00000000000045fc                _free_r
 .comment       0x0000000000004700       0x13 /path/to/riscv/lib/gcc/riscv64-unknown-elf/10.2.0/../../../../riscv64-unknown-elf/lib/rv32im/ilp32/libc_nano.a(lib_a-nano-freer.o)
 .riscv.attributes
                0x0000000000004700       0x21 /path/to/riscv/lib/gcc/riscv64-unknown-elf/10.2.0/../../../../riscv64-unknown-elf/lib/rv32im/ilp32/libc_nano.a(lib_a-nano-freer.o)
 .data          0x0000000000004721        0x0 /path/to/riscv/lib/gcc/riscv64-unknown-elf/10.2.0/../../../../riscv64-unknown-elf/lib/rv32im/ilp32/libc_nano.a(lib_a-nano-mallocr.o)
 .bss           0x0000000000004721        0x0 /path/to/riscv/lib/gcc/riscv64-unknown-elf/10.2.0/../../../../riscv64-unknown-elf/lib/rv32im/ilp32/libc_nano.a(lib_a-nano-mallocr.o)
 *fill*         0x0000000000004721        0x3 
 .text._malloc_r
                0x0000000000004724      0x158 /path/to/riscv/lib/gcc/riscv64-unknown-elf/10.2.0/../../../../riscv64-unknown-elf/lib/rv32im/ilp32/libc_nano.a(lib_a-nano-mallocr.o)
                0x0000000000004724                _malloc_r
 .sbss.__malloc_free_list
                0x000000000000487c        0x4 /path/to/riscv/lib/gcc/riscv64-unknown-elf/10.2.0/../../../../riscv64-unknown-elf/lib/rv32im/ilp32/libc_nano.a(lib_a-nano-mallocr.o)
                0x000000000000487c                __malloc_free_list
 .sbss.__malloc_sbrk_start
                0x0000000000004880        0x4 /path/to/riscv/lib/gcc/riscv64-unknown-elf/10.2.0/../../../../riscv64-unknown-elf/lib/rv32im/ilp32/libc_nano.a(lib_a-nano-mallocr.o)
                0x0000000000004880                __malloc_sbrk_start
 .comment       0x0000000000004884       0x13 /path/to/riscv/lib/gcc/riscv64-unknown-elf/10.2.0/../../../../riscv64-unknown-elf/lib/rv32im/ilp32/libc_nano.a(lib_a-nano-mallocr.o)
 .riscv.attributes
                0x0000000000004884       0x21 /path/to/riscv/lib/gcc/riscv64-unknown-elf/10.2.0/../../../../riscv64-unknown-elf/lib/rv32im/ilp32/libc_nano.a(lib_a-nano-mallocr.o)
 .data          0x00000000000048a5        0x0 /path/to/riscv/lib/gcc/riscv64-unknown-elf/10.2.0/../../../../riscv64-unknown-elf/lib/rv32im/ilp32/libc_nano.a(lib_a-sbrkr.o)
 .bss           0x00000000000048a5        0x0 /path/to/riscv/lib/gcc/riscv64-unknown-elf/10.2.0/../../../../riscv64-unknown-elf/lib/rv32im/ilp32/libc_nano.a(lib_a-sbrkr.o)
 *fill*         0x00000000000048a5        0x3 
 .text._sbrk_r  0x00000000000048a8       0x4c /path/to/riscv/lib/gcc/riscv64-unknown-elf/10.2.0/../../../../riscv64-unknown-elf/lib/rv32im/ilp32/libc_nano.a(lib_a-sbrkr.o)
                0x00000000000048a8                _sbrk_r
 .comment       0x00000000000048f4       0x13 /path/to/riscv/lib/gcc/riscv64-unknown-elf/10.2.0/../../../../riscv64-unknown-elf/lib/rv32im/ilp32/libc_nano.a(lib_a-sbrkr.o)
 .riscv.attributes
                0x00000000000048f4       0x21 /path/to/riscv/lib/gcc/riscv64-unknown-elf/10.2.0/../../../../riscv64-unknown-elf/lib/rv32im/ilp32/libc_nano.a(lib_a-sbrkr.o)
 .data          0x0000000000004915        0x0 /path/to/riscv/lib/gcc/riscv64-unknown-elf/10.2.0/../../../../riscv64-unknown-elf/lib/rv32im/ilp32/libc_nano.a(lib_a-impure.o)
 .bss           0x0000000000004915        0x0 /path/to/riscv/lib/gcc/riscv64-unknown-elf/10.2.0/../../../../riscv64-unknown-elf/lib/rv32im/ilp32/libc_nano.a(lib_a-impure.o)
 *fill*         0x0000000000004915        0x3 
 .data.impure_data
                0x0000000000004918       0x60 /path/to/riscv/lib/gcc/riscv64-unknown-elf/10.2.0/../../../../riscv64-unknown-elf/lib/rv32im/ilp32/libc_nano.a(lib_a-impure.o)
 .sdata._impure_ptr
                0x0000000000004978        0x4 /path/to/riscv/lib/gcc/riscv64-unknown-elf/10.2.0/../../../../riscv64-unknown-elf/lib/rv32im/ilp32/libc_nano.a(lib_a-impure.o)
                0x0000000000004978                _impure_ptr
 .srodata._global_impure_ptr
                0x000000000000497c        0x4 /path/to/riscv/lib/gcc/riscv64-unknown-elf/10.2.0/../../../../riscv64-unknown-elf/lib/rv32im/ilp32/libc_nano.a(lib_a-impure.o)
                0x000000000000497c                _global_impure_ptr
 .comment       0x0000000000004980       0x13 /path/to/riscv/lib/gcc/riscv64-unknown-elf/10.2.0/../../../../riscv64-unknown-elf/lib/rv32im/ilp32/libc_nano.a(lib_a-impure.o)
 .riscv.attributes
                0x0000000000004980       0x21 /path/to/riscv/lib/gcc/riscv64-unknown-elf/10.2.0/../../../../riscv64-unknown-elf/lib/rv32im/ilp32/libc_nano.a(lib_a-impure.o)
 .data          0x00000000000049a1        0x0 /path/to/riscv/lib/gcc/riscv64-unknown-elf/10.2.0/../../../../riscv64-unknown-elf/lib/rv32im/ilp32/libc_nano.a(lib_a-mlock.o)
 .bss           0x00000000000049a1        0x0 /path/to/riscv/lib/gcc/riscv64-unknown-elf/10.2.0/../../../../riscv64-unknown-elf/lib/rv32im/ilp32/libc_nano.a(lib_a-mlock.o)
 *fill*         0x00000000000049a1        0x3 
 .text.__malloc_lock
                0x00000000000049a4        0x4 /path/to/riscv/lib/gcc/riscv64-unknown-elf/10.2.0/../../../../riscv64-unknown-elf/lib/rv32im/ilp32/libc_nano.a(lib_a-mlock.o)
                0x00000000000049a4                __malloc_lock
 .text.__malloc_unlock
                0x00000000000049a8        0x4 /path/to/riscv/lib/gcc/riscv64-unknown-elf/10.2.0/../../../../riscv64-unknown-elf/lib/rv32im/ilp32/libc_nano.a(lib_a-mlock.o)
                0x00000000000049a8                __malloc_unlock
 .comment       0x00000000000049ac       0x13 /path/to/riscv/lib/gcc/riscv64-unknown-elf/10.2.0/../../../../riscv64-unknown-elf/lib/rv32im/ilp32/libc_nano.a(lib_a-mlock.o)
 .riscv.attributes
                0x00000000000049ac       0x21 /path/to/riscv/lib/gcc/riscv64-unknown-elf/10.2.0/../../../../riscv64-unknown-elf/lib/rv32im/ilp32/libc_nano.a(lib_a-mlock.o)
 .data          0x00000000000049cd        0x0 /path/to/riscv/lib/gcc/riscv64-unknown-elf/10.2.0/../../../../riscv64-unknown-elf/lib/rv32im/ilp32/libc_nano.a(lib_a-reent.o)
 .bss           0x00000000000049cd        0x0 /path/to/riscv/lib/gcc/riscv64-unknown-elf/10.2.0/../../../../riscv64-unknown-elf/lib/rv32im/ilp32/libc_nano.a(lib_a-reent.o)
 *fill*         0x00000000000049cd        0x3 
 .text.cleanup_glue
                0x00000000000049d0       0x40 /path/to/riscv/lib/gcc/riscv64-unknown-elf/10.2.0/../../../../riscv64-unknown-elf/lib/rv32im/ilp32/libc_nano.a(lib_a-reent.o)
                0x00000000000049d0                cleanup_glue
 .text._reclaim_reent
                0x0000000000004a10      0x16c /path/to/riscv/lib/gcc/riscv64-unknown-elf/10.2.0/../../../../riscv64-unknown-elf/lib/rv32im/ilp32/libc_nano.a(lib_a-reent.o)
                0x0000000000004a10                _reclaim_reent
 .sbss.errno    0x0000000000004b7c        0x4 /path/to/riscv/lib/gcc/riscv64-unknown-elf/10.2.0/../../../../riscv64-unknown-elf/lib/rv32im/ilp32/libc_nano.a(lib_a-reent.o)
                0x0000000000004b7c                errno
 .comment       0x0000000000004b80       0x13 /path/to/riscv/lib/gcc/riscv64-unknown-elf/10.2.0/../../../../riscv64-unknown-elf/lib/rv32im/ilp32/libc_nano.a(lib_a-reent.o)
 .riscv.attributes
                0x0000000000004b80       0x21 /path/to/riscv/lib/gcc/riscv64-unknown-elf/10.2.0/../../../../riscv64-unknown-elf/lib/rv32im/ilp32/libc_nano.a(lib_a-reent.o)
 .data          0x0000000000004ba1        0x0 /path/to/riscv/lib/gcc/riscv64-unknown-elf/10.2.0/../../../../riscv64-unknown-elf/lib/rv32im/ilp32/libnosys.a(sbrk.o)
 .bss           0x0000000000004ba1        0x0 /path/to/riscv/lib/gcc/riscv64-unknown-elf/10.2.0/../../../../riscv64-unknown-elf/lib/rv32im/ilp32/libnosys.a(sbrk.o)
 *fill*         0x0000000000004ba1        0x3 
 .sbss          0x0000000000004ba4        0x4 /path/to/riscv/lib/gcc/riscv64-unknown-elf/10.2.0/../../../../riscv64-unknown-elf/lib/rv32im/ilp32/libnosys.a(sbrk.o)
 .comment       0x0000000000004ba8       0x13 /path/to/riscv/lib/gcc/riscv64-unknown-elf/10.2.0/../../../../riscv64-unknown-elf/lib/rv32im/ilp32/libnosys.a(sbrk.o)
 .riscv.attributes
                0x0000000000004ba8       0x21 /path/to/riscv/lib/gcc/riscv64-unknown-elf/10.2.0/../../../../riscv64-unknown-elf/lib/rv32im/ilp32/libnosys.a(sbrk.o)
                0x0000000000004bcc                . = ALIGN (0x4)
 *fill*         0x0000000000004bc9        0x3 
                0x0000000000004bcc                _heap_start = .
                0x0000000000004bcc                end = .
LOAD /tmp/cc0FWQ9o.o
LOAD /tmp/cc52lWGm.o
LOAD /tmp/cchaFtPq.o
LOAD /tmp/ccehv21m.o
LOAD /tmp/cc7124Ao.o
LOAD /tmp/ccnLEEaq.o
LOAD /path/to/riscv/lib/gcc/riscv64-unknown-elf/10.2.0/rv32im/ilp32/libgcc.a
LOAD /path/to/riscv/lib/gcc/riscv64-unknown-elf/10.2.0/../../../../riscv64-unknown-elf/lib/rv32im/ilp32/libc_nano.a
LOAD /path/to/riscv/lib/gcc/riscv64-unknown-elf/10.2.0/../../../../riscv64-unknown-elf/lib/rv32im/ilp32/libnosys.a
OUTPUT(firmware.elf elf32-littleriscv)
